<?xml version="1.0"?>
<game_version major="0" minor="1" patch="0" />
<map>
	<metadata>
		<map_size nb_columns="6" nb_lines="6" />
		<players>
			<current_player>0</current_player>
			<player>
				<color r="0" g="127" b="127" />
				<cursor col="1" line="5" />
			</player>
			<player>
				<color r="227" g="227" b="0" />
				<cursor col="2" line="3" />
			</player>
		</players>
	</metadata>
	<cells>
		<cell>
			<coordinates col="0" line="0" />
			<terrain>1</terrain>
		</cell>
		<cell>
			<coordinates col="0" line="1" />
			<terrain>1</terrain>
		</cell>
		<cell>
			<coordinates col="0" line="2" />
			<terrain>1</terrain>
		</cell>
		<cell>
			<coordinates col="0" line="3" />
			<terrain>1</terrain>
		</cell>
		<cell>
			<coordinates col="0" line="4" />
			<terrain>1</terrain>
		</cell>
		<cell>
			<coordinates col="0" line="5" />
			<terrain>1</terrain>
		</cell>
		<cell>
			<coordinates col="1" line="0" />
			<terrain>1</terrain>
		</cell>
		<cell>
			<coordinates col="1" line="1" />
			<terrain>1</terrain>
		</cell>
		<cell>
			<coordinates col="1" line="2" />
			<terrain>1</terrain>
		</cell>
		<cell>
			<coordinates col="1" line="3" />
			<terrain>1</terrain>
		</cell>
		<cell>
			<coordinates col="1" line="4" />
			<terrain>1</terrain>
		</cell>
		<cell>
			<coordinates col="1" line="5" />
			<terrain>1</terrain>
		</cell>
		<cell>
			<coordinates col="2" line="0" />
			<terrain>1</terrain>
		</cell>
		<cell>
			<coordinates col="2" line="1" />
			<terrain>1</terrain>
		</cell>
		<cell>
			<coordinates col="2" line="2" />
			<terrain>1</terrain>
		</cell>
		<cell>
			<coordinates col="2" line="3" />
			<terrain>1</terrain>
			<unit type="0" player_id="1" hp="6" played="false" />
		</cell>
		<cell>
			<coordinates col="2" line="4" />
			<terrain>1</terrain>
		</cell>
		<cell>
			<coordinates col="2" line="5" />
			<terrain>1</terrain>
		</cell>
		<cell>
			<coordinates col="3" line="0" />
			<terrain>1</terrain>
		</cell>
		<cell>
			<coordinates col="3" line="1" />
			<terrain>1</terrain>
		</cell>
		<cell>
			<coordinates col="3" line="2" />
			<terrain>1</terrain>
		</cell>
		<cell>
			<coordinates col="3" line="3" />
			<terrain>1</terrain>
		</cell>
		<cell>
			<coordinates col="3" line="4" />
			<terrain>1</terrain>
		</cell>
		<cell>
			<coordinates col="3" line="5" />
			<terrain>1</terrain>
		</cell>
		<cell>
			<coordinates col="4" line="0" />
			<terrain>1</terrain>
		</cell>
		<cell>
			<coordinates col="4" line="1" />
			<terrain>1</terrain>
		</cell>
		<cell>
			<coordinates col="4" line="2" />
			<terrain>1</terrain>
		</cell>
		<cell>
			<coordinates col="4" line="3" />
			<terrain>1</terrain>
			<unit type="1" player_id="0" hp="5" played="false" />
		</cell>
		<cell>
			<coordinates col="4" line="4" />
			<terrain>1</terrain>
		</cell>
		<cell>
			<coordinates col="4" line="5" />
			<terrain>1</terrain>
		</cell>
		<cell>
			<coordinates col="5" line="0" />
			<terrain>1</terrain>
		</cell>
		<cell>
			<coordinates col="5" line="1" />
			<terrain>1</terrain>
		</cell>
		<cell>
			<coordinates col="5" line="2" />
			<terrain>1</terrain>
		</cell>
		<cell>
			<coordinates col="5" line="3" />
			<terrain>1</terrain>
		</cell>
		<cell>
			<coordinates col="5" line="4" />
			<terrain>1</terrain>
		</cell>
		<cell>
			<coordinates col="5" line="5" />
			<terrain>2</terrain>
		</cell>
	</cells>
</map>
